<html>
	<head>
		<meta http-equiv="content-type" content="text/html; charset=utf-8"/>
		<title>Teststory</title>
		<meta name="author" content="Testperson" />
		<style type="text/css">
			p{text-indent:0;margin-top:1em;}
			h3,#toc{ page-break-before:always; }
			h1,#toc{ text-align:center; }
			</style>
	</head>
	<body>
		<a name="start" />
		<h1>Teststory</h1>
		<br/>
        <br/>
        <b>Author:</b> Cochrane<br/>
        <b>Category:</b> Fairy Tail<br/>
        <b>Rated:</b> Teen And Up Audiences<br/>
		<b>Warnings:</b> No Archive Warnings Apply<br/>
		<b>Relationships:</b> Natsu Dragneel/Lucy Heartfilia<br/>
        <b>Characters:</b> Natsu Dragneel, Lucy Heartfilia, Igneel, Cana Alberona, Charle, Happy (Fairy Tail), Erza Scarlet<br/>
		<b>Tags:</b> Minor Character Death, That's A Man, Background Character Death<br/>
        <b>Reviews:</b> 12<br/>
        <b>Updated:</b> February 2, 2012<br/>
        <b>Published:</b> January 2, 2012<br/>
        <b>Status:</b> Complete<br/>
        <b>Chapters:</b> 1<br/>
        <b>Words:</b> 3706<br/>
        <br/>
        <b>Summary:</b><br/>A story!
		
        <mbp:pagebreak/>
		<div id="toc">
            <h2>Table of Contents</h2><br/>
			<a href="#1">1. Chapter 1</a><br>
			
		</div>
		<h3 id="1">Chapter 1</h3>
<div class="userstuff"><p>How do you do today?</p></div><p><b>Notes:</b><p>Endnote</p>
		
	</body>
</html>
