<html>
	<head>
		<meta http-equiv="content-type" content="text/html; charset=utf-8"/>
		<title>The Test Story</title>
		<meta name="author" content="Testperson" />
		<style type="text/css">
			p{text-indent:0;margin-top:1em;}
			h3,#toc{ page-break-before:always; }
			h1,#toc{ text-align:center; }
		</style>
	</head>
	<body>
		<a name="start" />
		<h1>The Test Story</h1>
		<br/>
        <br/>
        <b>Author:</b> Testperson<br/>
        <b>Fandoms:</b> Beelzebub/べるぜバブ<br/>
        <b>Rated:</b> Fiction T<br/>
		
        <b>Language:</b> English<br/>
		<b>Genre:</b> Humor/Romance<br/>
        <b>Characters:</b> Oga T., Hildagarde/Hilda<br/>
		
		
        <b>Reviews:</b> 12<br/>
        <b>Updated:</b> February 2, 2012<br/>
        <b>Published:</b> January 2, 2012<br/>
        <b>Status:</b> In progress<br/>
        <b>Chapters:</b> 1<br/>
        <b>Words:</b> 20<br/>
        <br/>
        <b>Summary:</b><br/>A story!

        <mbp:pagebreak/>
		<div id="toc">
            <h2>Table of Contents</h2><br/>
			<a href="#1">1. Chapter 1</a><br>

		</div>
		<h3 id="1">Chapter 1</h3>
<div class="storytext xcontrast_txt" id="storytext"><p>This is a fun little test story
</p></div>


	</body>
</html>
